[www.andspaces.in/index.html]
[backblue.gif]
[fade.gif]
[index.html]
[www.andspaces.in/js/jquery.min.js]
[www.andspaces.in/img/logoDark_Small.png]
[www.andspaces.in/index-2.html]
[www.andspaces.in/about.html]
[www.andspaces.in/portfolio.html]
[www.andspaces.in/img/bg/new/10.png]
[www.andspaces.in/img/icon/dark/1.png]
[www.andspaces.in/img/icon/dark/3.png]
[www.andspaces.in/img/icon/dark/2.png]
[www.andspaces.in/img/bg/sofa_on_whitefloor.png]
[www.andspaces.in/img/services/1.jpg]
[www.andspaces.in/img/services/2.jpg]
[www.andspaces.in/img/services/3.jpg]
[www.andspaces.in/Architectural Design/index.html]
[www.andspaces.in/img/services/4.jpg]
[www.andspaces.in/img/services/5.jpg]
[www.andspaces.in/img/services/6.jpg]
[www.andspaces.in/projectfa2a.html]
[www.andspaces.in/project26d5.html]
[www.andspaces.in/Interior Design/index.html]
[www.andspaces.in/img/projects/13/1.jpg]
[www.andspaces.in/Personalised Design/index.html]
[www.andspaces.in/img/projects/1/1.jpg]
[www.andspaces.in/img/projects/1/3.jpg]
[www.andspaces.in/img/projects/2/1.jpg]
[www.andspaces.in/Progressive Design/index.html]
[www.andspaces.in/img/projects/2/5.jpg]
[www.andspaces.in/img/projects/1/11.jpg]
[www.andspaces.in/img/projects/1/14.jpg]
[www.andspaces.in/All Inclusive/index.html]
[www.andspaces.in/Online Consultation/index.html]
[www.andspaces.in/img/logoLight_Small.png]
[www.andspaces.in/terms.html]
[www.andspaces.in/privacypolicy.html]
[www.andspaces.in/faq.html]
[www.andspaces.in/js/bootstrap.min.js]
[www.andspaces.in/js/isotope.pkgd.min.js]
[www.andspaces.in/js/owl.carousel.min.js]
[www.andspaces.in/js/jquery.owl-filter.js]
[www.andspaces.in/js/magnific-popup.min.js]
[www.andspaces.in/js/circle-progress.min.js]
[www.andspaces.in/js/main_fullPreloadercb0c.js]
[www.andspaces.in/index.html]
[www.andspaces.in/css/bootstrap.min.css]
[www.andspaces.in/icon-fonts/fontawesome-webfont3e6e.eot]
[www.andspaces.in/icon-fonts/fontawesome-webfontd41d.eot]
[www.andspaces.in/icon-fonts/fontawesome-webfont3e6e.woff2]
[www.andspaces.in/icon-fonts/fontawesome-webfont3e6e.woff]
[www.andspaces.in/css/font-awesome.min.css]
[www.andspaces.in/css/animate.css]
[www.andspaces.in/css/owl.carousel.css]
[www.andspaces.in/img/animated_logo_dark.svg]
[www.andspaces.in/css/style2c2b.css]
[www.andspaces.in/index-2.html]
[www.andspaces.in/img/projects/2/4.jpg]
[www.andspaces.in/img/projects/1/5.jpg]
[www.andspaces.in/img/quote.png]
[www.andspaces.in/img/team/ankita_nand.jpg]
[www.andspaces.in/img/team/raaj_deshmukh.jpg]
[www.andspaces.in/img/team/mr_nand.jpg]
[www.andspaces.in/img/team/sl_deshmukh.jpg]
[www.andspaces.in/img/team/team_member_4.jpg]
[www.andspaces.in/img/team/team_member_5.jpg]
[www.andspaces.in/img/team/team_member_6.jpg]
[www.andspaces.in/img/team/team_member_7.jpg]
[www.andspaces.in/js/main.js]
[www.andspaces.in/about.html]
[www.andspaces.in/img/projects/2/9.jpg]
[www.andspaces.in/img/projects/1/15c0d.jpg]
[www.andspaces.in/img/projects/2/1fcb8.jpg]
[www.andspaces.in/img/projects/3/1e7a5.jpg]
[www.andspaces.in/projectda41.html]
[www.andspaces.in/img/projects/4/19fec.jpg]
[www.andspaces.in/project9f7f.html]
[www.andspaces.in/img/projects/5/15209.jpg]
[www.andspaces.in/project8bbd.html]
[www.andspaces.in/img/projects/6/1b1d9.jpg]
[www.andspaces.in/img/projects/8/15977.jpg]
[www.andspaces.in/project011e.html]
[www.andspaces.in/project65f2.html]
[www.andspaces.in/img/projects/9/1a889.jpg]
[www.andspaces.in/projecte44d.html]
[www.andspaces.in/img/projects/10/1a55c.jpg]
[www.andspaces.in/img/projects/11/1c2bd.jpg]
[www.andspaces.in/projecte127.html]
[www.andspaces.in/img/projects/12/1bc79.jpg]
[www.andspaces.in/projectfbce.html]
[www.andspaces.in/img/projects/13/13b4a.jpg]
[www.andspaces.in/projectaeda.html]
[www.andspaces.in/portfolio.html]
[www.andspaces.in/js/maincb0c.js]
[www.andspaces.in/contact.html]
[www.andspaces.in/pay/index.html]
[www.andspaces.in/img/service/architecture/1.png]
[www.andspaces.in/img/service/architecture/5.jpg]
[www.andspaces.in/img/service/architecture/6.gif]
[www.andspaces.in/img/service/architecture/7.jpg]
[www.andspaces.in/img/service/architecture/9.jpg]
[www.andspaces.in/img/projects/5/1.jpg]
[www.andspaces.in/img/projects/6/1.jpg]
[www.andspaces.in/js/projects_slider.js]
[www.andspaces.in/Architectural Design/index.html]
[www.andspaces.in/img/service/interior/1.png]
[www.andspaces.in/img/service/interior/2.jpg]
[www.andspaces.in/img/service/interior/3.jpg]
[www.andspaces.in/img/service/interior/5.jpg]
[www.andspaces.in/img/projects/3/1.jpg]
[www.andspaces.in/img/projects/4/1.jpg]
[www.andspaces.in/img/projects/12/1.jpg]
[www.andspaces.in/Interior Design/index.html]
[www.andspaces.in/img/service/personalised/1.png]
[www.andspaces.in/img/service/personalised/5.jpg]
[www.andspaces.in/img/service/personalised/6.jpg]
[www.andspaces.in/img/service/personalised/7.jpg]
[www.andspaces.in/img/service/personalised/4.jpg]
[www.andspaces.in/Personalised Design/index.html]
[www.andspaces.in/img/service/architecture/4.png]
[www.andspaces.in/img/projects/8/1.jpg]
[www.andspaces.in/img/projects/9/1.jpg]
[www.andspaces.in/img/projects/10/1.jpg]
[www.andspaces.in/img/projects/11/1.jpg]
[www.andspaces.in/Progressive Design/index.html]
[www.andspaces.in/All Inclusive/index.html]
[www.andspaces.in/img/services/66.jpg]
[www.andspaces.in/img/service/consultation/1.png]
[www.andspaces.in/img/service/consultation/2.png]
[www.andspaces.in/img/service/consultation/3.png]
[www.andspaces.in/img/service/consultation/4.png]
[www.andspaces.in/Online Consultation/index.html]
[www.andspaces.in/img/projects/1/2.jpg]
[www.andspaces.in/img/projects/1/10.jpg]
[www.andspaces.in/img/projects/1/12.jpg]
[www.andspaces.in/img/projects/1/7.jpg]
[www.andspaces.in/img/projects/1/2ccc2.jpg]
[www.andspaces.in/img/projects/1/34bc9.jpg]
[www.andspaces.in/img/projects/1/470c4.jpg]
[www.andspaces.in/img/projects/1/5efd5.jpg]
[www.andspaces.in/img/projects/1/6aee5.jpg]
[www.andspaces.in/img/projects/1/78cdb.jpg]
[www.andspaces.in/img/projects/1/85977.jpg]
[www.andspaces.in/img/projects/1/9a889.jpg]
[www.andspaces.in/img/projects/1/103fca.jpg]
[www.andspaces.in/img/projects/1/114406.jpg]
[www.andspaces.in/img/projects/1/123072.jpg]
[www.andspaces.in/img/projects/1/13c1c0.jpg]
[www.andspaces.in/img/projects/1/146d1c.jpg]
[www.andspaces.in/img/projects/1/15a4e5.jpg]
[www.andspaces.in/img/projects/1/1623b5.jpg]
[www.andspaces.in/img/projects/1/1723b5.jpg]
[www.andspaces.in/img/projects/1/187d19.jpg]
[www.andspaces.in/js/external/hes-gallery.js]
[www.andspaces.in/js/blueimp-helper.js]
[www.andspaces.in/js/blueimp-gallery.js]
[www.andspaces.in/js/blueimp-gallery-fullscreen.js]
[www.andspaces.in/js/blueimp-gallery-indicator.js]
[www.andspaces.in/js/jquery.blueimp-gallery.js]
[www.andspaces.in/projectfa2a.html]
[www.andspaces.in/img/projects/2/10.jpg]
[www.andspaces.in/img/projects/2/8.jpg]
[www.andspaces.in/img/projects/2/26c4b.jpg]
[www.andspaces.in/img/projects/2/3f2dd.jpg]
[www.andspaces.in/img/projects/2/4cd41.jpg]
[www.andspaces.in/img/projects/2/5280c.jpg]
[www.andspaces.in/img/projects/2/63d56.jpg]
[www.andspaces.in/img/projects/2/7cd43.jpg]
[www.andspaces.in/img/projects/2/80645.jpg]
[www.andspaces.in/img/projects/2/96d82.jpg]
[www.andspaces.in/img/projects/2/103bec.jpg]
[www.andspaces.in/project26d5.html]
[www.andspaces.in/img/projects/1/3.jpg]
[www.andspaces.in/terms.html]
[www.andspaces.in/privacypolicy.html]
[www.andspaces.in/faq.html]
[www.andspaces.in/icon-fonts/fontawesome-webfont3e6e.svg]
[www.andspaces.in/img/bg/bganim2.svg]
[www.andspaces.in/css/magnific-popup.css]
[www.andspaces.in/img/projects/3/225e1f.jpg]
[www.andspaces.in/img/projects/3/115e1f.jpg]
[www.andspaces.in/img/projects/3/135e1f.jpg]
[www.andspaces.in/img/projects/3/23410.jpg]
[www.andspaces.in/img/projects/3/357d6.jpg]
[www.andspaces.in/img/projects/3/457d6.jpg]
[www.andspaces.in/img/projects/3/557d6.jpg]
[www.andspaces.in/img/projects/3/657d6.jpg]
[www.andspaces.in/img/projects/3/71d85.jpg]
[www.andspaces.in/img/projects/3/8d822.jpg]
[www.andspaces.in/img/projects/3/9d822.jpg]
[www.andspaces.in/img/projects/3/103410.jpg]
[www.andspaces.in/img/projects/3/117e3a.jpg]
[www.andspaces.in/img/projects/3/129fb3.jpg]
[www.andspaces.in/img/projects/3/13eb85.jpg]
[www.andspaces.in/img/projects/3/147e3a.jpg]
[www.andspaces.in/img/projects/3/159fb3.jpg]
[www.andspaces.in/img/projects/3/162c88.jpg]
[www.andspaces.in/img/projects/3/173410.jpg]
[www.andspaces.in/img/projects/3/183410.jpg]
[www.andspaces.in/img/projects/3/193410.jpg]
[www.andspaces.in/img/projects/3/208f52.jpg]
[www.andspaces.in/img/projects/3/218f52.jpg]
[www.andspaces.in/img/projects/3/2257d6.jpg]
[www.andspaces.in/img/projects/3/views/18def.jpg]
[www.andspaces.in/img/projects/3/views/2fca5.jpg]
[www.andspaces.in/img/projects/3/views/3fca5.jpg]
[www.andspaces.in/img/projects/3/views/4fca5.jpg]
[www.andspaces.in/img/projects/3/views/5fca5.jpg]
[www.andspaces.in/img/projects/3/views/6fca5.jpg]
[www.andspaces.in/img/projects/3/views/7fca5.jpg]
[www.andspaces.in/img/projects/3/views/8c585.jpg]
[www.andspaces.in/img/projects/3/views/9fca5.jpg]
[www.andspaces.in/img/projects/3/views/109764.jpg]
[www.andspaces.in/img/projects/3/views/117591.jpg]
[www.andspaces.in/img/projects/3/views/12fca5.jpg]
[www.andspaces.in/img/projects/3/views/13fca5.jpg]
[www.andspaces.in/img/projects/3/views/14fca5.jpg]
[www.andspaces.in/img/projects/3/views/15fca5.jpg]
[www.andspaces.in/projectda41.html]
[www.andspaces.in/img/projects/4/2a23a.jpg]
[www.andspaces.in/img/projects/4/3c342.jpg]
[www.andspaces.in/img/projects/4/46e44.jpg]
[www.andspaces.in/img/projects/4/5870f.jpg]
[www.andspaces.in/img/projects/4/69b3f.jpg]
[www.andspaces.in/project9f7f.html]
[www.andspaces.in/img/projects/5/11.jpg]
[www.andspaces.in/img/projects/5/4.jpg]
[www.andspaces.in/img/projects/5/9.jpg]
[www.andspaces.in/img/projects/5/25d05.jpg]
[www.andspaces.in/img/projects/5/3f0e4.jpg]
[www.andspaces.in/img/projects/5/498c7.jpg]
[www.andspaces.in/img/projects/5/598c7.jpg]
[www.andspaces.in/img/projects/5/698c7.jpg]
[www.andspaces.in/img/projects/5/798c7.jpg]
[www.andspaces.in/img/projects/5/898c7.jpg]
[www.andspaces.in/img/projects/5/998c7.jpg]
[www.andspaces.in/img/projects/5/1098c7.jpg]
[www.andspaces.in/img/projects/5/1198c7.jpg]
[www.andspaces.in/img/projects/5/1298c7.jpg]
[www.andspaces.in/img/projects/5/1398c7.jpg]
[www.andspaces.in/project8bbd.html]
[www.andspaces.in/img/projects/6/2841d.jpg]
[www.andspaces.in/img/projects/6/31ea7.jpg]
[www.andspaces.in/img/projects/6/4d2a6.jpg]
[www.andspaces.in/img/projects/6/53920.jpg]
[www.andspaces.in/project011e.html]
[www.andspaces.in/img/projects/8/v1.mp4]
[www.andspaces.in/project65f2.html]
[www.andspaces.in/img/projects/9/v1.mp4]
[www.andspaces.in/projecte44d.html]
[www.andspaces.in/project277e.php]
[www.andspaces.in/img/projects/11/v1.mp4]
[www.andspaces.in/projecte127.html]
[www.andspaces.in/img/projects/12/h1.jpg]
[www.andspaces.in/img/projects/12/h2.jpg]
[www.andspaces.in/img/projects/12/2bc79.jpg]
[www.andspaces.in/img/projects/12/3bc79.jpg]
[www.andspaces.in/img/projects/12/4bc79.jpg]
[www.andspaces.in/img/projects/12/5bc79.jpg]
[www.andspaces.in/img/projects/12/6bc79.jpg]
[www.andspaces.in/projectfbce.html]
[www.andspaces.in/img/projects/13/h1.jpg]
[www.andspaces.in/img/projects/13/h2.jpg]
[www.andspaces.in/img/projects/13/23b4a.jpg]
[www.andspaces.in/img/projects/13/33b4a.jpg]
[www.andspaces.in/img/projects/13/43b4a.jpg]
[www.andspaces.in/img/projects/13/53b4a.jpg]
[www.andspaces.in/img/projects/13/63b4a.jpg]
[www.andspaces.in/img/projects/13/73b4a.jpg]
[www.andspaces.in/img/projects/13/83b4a.jpg]
[www.andspaces.in/img/projects/13/93b4a.jpg]
[www.andspaces.in/img/projects/13/103b4a.jpg]
[www.andspaces.in/img/projects/13/113b4a.jpg]
[www.andspaces.in/projectaeda.html]
[www.andspaces.in/contact.html]
[www.andspaces.in/img/projects/1.jpg]
[www.andspaces.in/img/projects/14/1.jpg]
[www.andspaces.in/css/aurum_minced1.css]
[www.andspaces.in/css/external/hes-gallery.css]
[www.andspaces.in/css/aurum.css]
[www.andspaces.in/img/loading.gif]
[www.andspaces.in/img/error.png]
[www.andspaces.in/img/play-pause.png]
[www.andspaces.in/css/blueimp-gallery.css]
[www.andspaces.in/css/blueimp-gallery-indicator.css]
[www.andspaces.in/img/projects/1/1723b5.jpg]
[www.andspaces.in/img/projects/1/187d19.jpg]
[www.andspaces.in/img/projects/2/10.jpg]
[www.andspaces.in/img/projects/2/8.jpg]
[www.andspaces.in/img/projects/2/26c4b.jpg]
[www.andspaces.in/img/projects/2/63d56.jpg]
[www.andspaces.in/css/aurum_min0be4.css]
[www.andspaces.in/img/projects/10/248a9.jpg]
[www.andspaces.in/project277e.php]
[www.andspaces.in/img/projects/11/v1.mp4]
[www.andspaces.in/img/projects/12/2bc79.jpg]
[www.andspaces.in/img/projects/12/4bc79.jpg]
[www.andspaces.in/img/projects/13/43b4a.jpg]
[www.andspaces.in/img/error.svg]
[www.andspaces.in/img/play-pause.svg]
